******************************************************************************
             TMS320C2000 Linker PC v18.12.8                    
******************************************************************************
>> Linked Fri Jan 28 11:46:00 2022

OUTPUT FILE NAME:   <./output_TI2837xS/Motorsteuerung_CAN.out>
ENTRY POINT SYMBOL: "_c_int00"  address: 0000ede2


MEMORY CONFIGURATION

         name            origin    length      used     unused   attr    fill
----------------------  --------  ---------  --------  --------  ----  --------
PAGE 0:
  BEGIN                 00000000   00000002  00000002  00000000  RWIX
  RAMM0                 00000122   000002de  00000000  000002de  RWIX
  PRAMGS                0000c000   00008000  00003162  00004e9e  RWIX
  RESET                 003fffc0   00000002  00000000  00000002  RWIX

PAGE 1:
  BOOT_RSVD             00000002   00000120  00000000  00000120  RWIX
  RAMM1                 00000400   00000400  00000000  00000400  RWIX
  ADCARESULT            00000b00   00000018  00000018  00000000  RWIX
  ADCBRESULT            00000b20   00000018  00000018  00000000  RWIX
  ADCCRESULT            00000b40   00000018  00000018  00000000  RWIX
  ADCDRESULT            00000b60   00000018  00000018  00000000  RWIX
  CPUTIMER0             00000c00   00000008  00000008  00000000  RWIX
  CPUTIMER1             00000c08   00000008  00000008  00000000  RWIX
  CPUTIMER2             00000c10   00000008  00000008  00000000  RWIX
  PIECTRL               00000ce0   0000001a  0000001a  00000000  RWIX
  PIEVECTTABLE          00000d00   00000200  000001c0  00000040  RWIX
  DMA                   00001000   00000200  000000e0  00000120  RWIX
  CLA1                  00001400   00000080  0000003e  00000042  RWIX
  CLB1LOGICCFG          00003000   00000052  0000003e  00000014  RWIX
  CLB1LOGICCTRL         00003100   00000040  00000040  00000000  RWIX
  CLB1DATAEXCH          00003200   00000200  00000108  000000f8  RWIX
  CLB2LOGICCFG          00003400   00000052  0000003e  00000014  RWIX
  CLB2LOGICCTRL         00003500   00000040  00000040  00000000  RWIX
  CLB2DATAEXCH          00003600   00000200  00000108  000000f8  RWIX
  CLB3LOGICCFG          00003800   00000052  0000003e  00000014  RWIX
  CLB3LOGICCTRL         00003900   00000040  00000040  00000000  RWIX
  CLB3DATAEXCH          00003a00   00000200  00000108  000000f8  RWIX
  CLB4LOGICCFG          00003c00   00000052  0000003e  00000014  RWIX
  CLB4LOGICCTRL         00003d00   00000040  00000040  00000000  RWIX
  CLB4DATAEXCH          00003e00   00000200  00000108  000000f8  RWIX
  EPWM1                 00004000   00000100  00000100  00000000  RWIX
  EPWM2                 00004100   00000100  00000100  00000000  RWIX
  EPWM3                 00004200   00000100  00000100  00000000  RWIX
  EPWM4                 00004300   00000100  00000100  00000000  RWIX
  EPWM5                 00004400   00000100  00000100  00000000  RWIX
  EPWM6                 00004500   00000100  00000100  00000000  RWIX
  EPWM7                 00004600   00000100  00000100  00000000  RWIX
  EPWM8                 00004700   00000100  00000100  00000000  RWIX
  EPWM9                 00004800   00000100  00000100  00000000  RWIX
  EPWM10                00004900   00000100  00000100  00000000  RWIX
  EPWM11                00004a00   00000100  00000100  00000000  RWIX
  EPWM12                00004b00   00000100  00000100  00000000  RWIX
  ECAP1                 00005000   00000020  0000001a  00000006  RWIX
  ECAP2                 00005020   00000020  0000001a  00000006  RWIX
  ECAP3                 00005040   00000020  0000001a  00000006  RWIX
  ECAP4                 00005060   00000020  0000001a  00000006  RWIX
  ECAP5                 00005080   00000020  0000001a  00000006  RWIX
  ECAP6                 000050a0   00000020  0000001a  00000006  RWIX
  EQEP1                 00005100   00000022  00000022  00000000  RWIX
  EQEP2                 00005140   00000022  00000022  00000000  RWIX
  EQEP3                 00005180   00000022  00000022  00000000  RWIX
  DACA                  00005c00   00000008  00000007  00000001  RWIX
  DACB                  00005c10   00000008  00000007  00000001  RWIX
  DACC                  00005c20   00000008  00000007  00000001  RWIX
  CMPSS1                00005c80   00000020  0000001b  00000005  RWIX
  CMPSS2                00005ca0   00000020  0000001b  00000005  RWIX
  CMPSS3                00005cc0   00000020  0000001b  00000005  RWIX
  CMPSS4                00005ce0   00000020  0000001b  00000005  RWIX
  CMPSS5                00005d00   00000020  0000001b  00000005  RWIX
  CMPSS6                00005d20   00000020  0000001b  00000005  RWIX
  CMPSS7                00005d40   00000020  0000001b  00000005  RWIX
  CMPSS8                00005d60   00000020  0000001b  00000005  RWIX
  SDFM1                 00005e00   00000080  00000048  00000038  RWIX
  SDFM2                 00005e80   00000080  00000048  00000038  RWIX
  MCBSPA                00006000   00000024  00000024  00000000  RWIX
  MCBSPB                00006040   00000024  00000024  00000000  RWIX
  SPIA                  00006100   00000010  00000010  00000000  RWIX
  SPIB                  00006110   00000010  00000010  00000000  RWIX
  SPIC                  00006120   00000010  00000010  00000000  RWIX
  UPP                   00006200   00000048  00000048  00000000  RWIX
  WD                    00007000   0000002b  0000002b  00000000  RWIX
  NMIINTRUPT            00007060   00000007  00000007  00000000  RWIX
  XINT                  00007070   0000000b  0000000b  00000000  RWIX
  SCIA                  00007200   00000010  00000010  00000000  RWIX
  SCIB                  00007210   00000010  00000010  00000000  RWIX
  SCIC                  00007220   00000010  00000010  00000000  RWIX
  SCID                  00007230   00000010  00000010  00000000  RWIX
  I2CA                  00007300   00000022  00000022  00000000  RWIX
  I2CB                  00007340   00000022  00000022  00000000  RWIX
  ADCA                  00007400   00000080  0000007c  00000004  RWIX
  ADCB                  00007480   00000080  0000007c  00000004  RWIX
  ADCC                  00007500   00000080  0000007c  00000004  RWIX
  ADCD                  00007580   00000080  0000007c  00000004  RWIX
  INPUTXBAR             00007900   00000020  00000020  00000000  RWIX
  XBAR                  00007920   00000020  0000000e  00000012  RWIX
  SYNCSOC               00007940   00000006  00000006  00000000  RWIX
  DMACLASRCSEL          00007980   0000001a  0000001a  00000000  RWIX
  EPWMXBAR              00007a00   00000040  00000040  00000000  RWIX
  CLBXBAR               00007a40   00000040  00000040  00000000  RWIX
  OUTPUTXBAR            00007a80   00000040  00000040  00000000  RWIX
  GPIOCTRL              00007c00   00000180  00000180  00000000  RWIX
  GPIODATA              00007f00   00000030  00000030  00000000  RWIX
  RAMLS                 00008000   00003f00  00000c07  000032f9  RWIX
  RAMD1_RSVD            0000bf00   00000100  00000000  00000100  RWIX
  EMIF1                 00047000   00000070  00000028  00000048  RWIX
  EMIF2                 00047800   00000070  00000028  00000048  RWIX
  CANA                  00048000   00000200  00000164  0000009c  RWIX
  CANB                  0004a000   00000200  00000164  0000009c  RWIX
  FLASHPUMPSEMAPHORE    00050024   00000002  00000002  00000000  RWIX
  DEVCFG                0005d000   0000012e  0000012e  00000000  RWIX
  ANALOGSUBSYS          0005d180   00000048  0000003e  0000000a  RWIX
  CLKCFG                0005d200   00000032  00000032  00000000  RWIX
  CPUSYS                0005d300   00000082  00000082  00000000  RWIX
  ROMPREFETCH           0005e608   00000002  00000002  00000000  RWIX
  DCSMZ1                0005f000   00000023  00000022  00000001  RWIX
  DCSMZ2                0005f040   00000023  00000022  00000001  RWIX
  DCSMCOMMON            0005f070   00000008  00000006  00000002  RWIX
  MEMCFG                0005f400   00000080  00000076  0000000a  RWIX
  EMIF1CONFIG           0005f480   00000020  0000000a  00000016  RWIX
  EMIF2CONFIG           0005f4a0   00000020  0000000a  00000016  RWIX
  ACCESSPROTECTION      0005f4c0   00000040  0000002e  00000012  RWIX
  MEMORYERROR           0005f500   00000040  0000003a  00000006  RWIX
  ROMWAITSTATE          0005f540   00000002  00000002  00000000  RWIX
  FLASH0CTRL            0005f800   00000182  00000182  00000000  RWIX
  FLASH0ECC             0005fb00   00000028  00000028  00000000  RWIX
  FLASH1CTRL            0005fc00   00000182  00000182  00000000  RWIX
  FLASH1ECC             0005ff00   00000028  00000028  00000000  RWIX


SECTION ALLOCATION MAP

 output                                  attributes/
section   page    origin      length       input sections
--------  ----  ----------  ----------   ----------------
.text      0    0000c000    00002f27     
                  0000c000    0000061c     pil_c28_fpu32.lib : probes.obj (.text)
                  0000c61c    00000585     F2837xS_DefaultISR.obj (.text:retain)
                  0000cba1    000004d4     pil_c28_fpu32.lib : scope.obj (.text)
                  0000d075    000003f7                       : pil.obj (.text)
                  0000d46c    00000359     Motorsteuerung_CAN.obj (.text)
                  0000d7c5    0000032d     F2837xS_DevInit.obj (.text)
                  0000daf2    00000324     pil_c28_fpu32.lib : seriallink.obj (.text)
                  0000de16    00000271     can.obj (.text)
                  0000e087    00000220     pil_c28_fpu32.lib : basicservices.obj (.text)
                  0000e2a7    00000208                       : remoteagent.obj (.text)
                  0000e4af    000001e2     Motorsteuerung_CAN_hal.obj (.text)
                  0000e691    0000018e     canbus_2837x.obj (.text)
                  0000e81f    00000173     pil_c28_fpu32.lib : parallelbridge.obj (.text)
                  0000e992    00000135     dispatcher.obj (.text)
                  0000eac7    00000134     dio_2837x.obj (.text)
                  0000ebfb    000000a4     sci_2837x.obj (.text)
                  0000ec9f    00000088     rts2800_fpu32.lib : fs_div28.asm.obj (.text)
                  0000ed27    00000062     pil_c28_fpu32.lib : ringbuf.obj (.text)
                  0000ed89    00000059     rts2800_fpu32.lib : s_floorf.c.obj (.text)
                  0000ede2    00000056                       : boot28.asm.obj (.text)
                  0000ee38    00000037     Motorsteuerung_CAN_hal.obj (.text:retain)
                  0000ee6f    00000029     rts2800_fpu32.lib : exit.c.obj (.text)
                  0000ee98    00000024                       : cpy_tbl.c.obj (.text)
                  0000eebc    0000001d                       : memcpy.c.obj (.text)
                  0000eed9    00000019                       : args_main.c.obj (.text)
                  0000eef2    00000010     Motorsteuerung_CAN_main.obj (.text)
                  0000ef02    0000000a     F2837xS_DevInit.obj (.text:retain)
                  0000ef0c    00000009     rts2800_fpu32.lib : _lock.c.obj (.text)
                  0000ef15    00000008     F2837xS_CodeStartBranch.obj (.text)
                  0000ef1d    00000007     pil_c28_fpu32.lib : pil_f28x_dis_int.obj (.text)
                  0000ef24    00000002     rts2800_fpu32.lib : pre_init.c.obj (.text)
                  0000ef26    00000001                       : startup.c.obj (.text)

ramfuncs   0    0000f0b8    00000057     
                  0000f0b8    00000057     F2837xS_DevInit.obj (ramfuncs)

AdcaResultRegsFile 
*          1    00000b00    00000018     UNINITIALIZED
                  00000b00    00000018     F2837xS_GlobalVariableDefs.obj (AdcaResultRegsFile)

AdcbResultRegsFile 
*          1    00000b20    00000018     UNINITIALIZED
                  00000b20    00000018     F2837xS_GlobalVariableDefs.obj (AdcbResultRegsFile)

AdccResultRegsFile 
*          1    00000b40    00000018     UNINITIALIZED
                  00000b40    00000018     F2837xS_GlobalVariableDefs.obj (AdccResultRegsFile)

AdcdResultRegsFile 
*          1    00000b60    00000018     UNINITIALIZED
                  00000b60    00000018     F2837xS_GlobalVariableDefs.obj (AdcdResultRegsFile)

CpuTimer0RegsFile 
*          1    00000c00    00000008     UNINITIALIZED
                  00000c00    00000008     F2837xS_GlobalVariableDefs.obj (CpuTimer0RegsFile)

CpuTimer1RegsFile 
*          1    00000c08    00000008     UNINITIALIZED
                  00000c08    00000008     F2837xS_GlobalVariableDefs.obj (CpuTimer1RegsFile)

CpuTimer2RegsFile 
*          1    00000c10    00000008     UNINITIALIZED
                  00000c10    00000008     F2837xS_GlobalVariableDefs.obj (CpuTimer2RegsFile)

PieCtrlRegsFile 
*          1    00000ce0    0000001a     UNINITIALIZED
                  00000ce0    0000001a     F2837xS_GlobalVariableDefs.obj (PieCtrlRegsFile)

PieVectTableFile 
*          1    00000d00    000001c0     UNINITIALIZED
                  00000d00    000001c0     F2837xS_GlobalVariableDefs.obj (PieVectTableFile)

EmuKeyVar 
*          1    00000d00    00000000     UNINITIALIZED

EmuBModeVar 
*          1    00000d00    00000000     UNINITIALIZED

EmuBootPinsVar 
*          1    00000d00    00000000     UNINITIALIZED

FlashCallbackVar 
*          1    00000d00    00000000     UNINITIALIZED

FlashScalingVar 
*          1    00000d00    00000000     UNINITIALIZED

DmaRegsFile 
*          1    00001000    000000e0     UNINITIALIZED
                  00001000    000000e0     F2837xS_GlobalVariableDefs.obj (DmaRegsFile)

Cla1RegsFile 
*          1    00001400    0000003e     UNINITIALIZED
                  00001400    0000003e     F2837xS_GlobalVariableDefs.obj (Cla1RegsFile)

Clb1LogicCfgRegsFile 
*          1    00003000    0000003e     UNINITIALIZED
                  00003000    0000003e     F2837xS_GlobalVariableDefs.obj (Clb1LogicCfgRegsFile)

Clb1LogicCtrlRegsFile 
*          1    00003100    00000040     UNINITIALIZED
                  00003100    00000040     F2837xS_GlobalVariableDefs.obj (Clb1LogicCtrlRegsFile)

Clb1DataExchRegsFile 
*          1    00003200    00000108     UNINITIALIZED
                  00003200    00000108     F2837xS_GlobalVariableDefs.obj (Clb1DataExchRegsFile)

Clb2LogicCfgRegsFile 
*          1    00003400    0000003e     UNINITIALIZED
                  00003400    0000003e     F2837xS_GlobalVariableDefs.obj (Clb2LogicCfgRegsFile)

Clb2LogicCtrlRegsFile 
*          1    00003500    00000040     UNINITIALIZED
                  00003500    00000040     F2837xS_GlobalVariableDefs.obj (Clb2LogicCtrlRegsFile)

Clb2DataExchRegsFile 
*          1    00003600    00000108     UNINITIALIZED
                  00003600    00000108     F2837xS_GlobalVariableDefs.obj (Clb2DataExchRegsFile)

Clb3LogicCfgRegsFile 
*          1    00003800    0000003e     UNINITIALIZED
                  00003800    0000003e     F2837xS_GlobalVariableDefs.obj (Clb3LogicCfgRegsFile)

Clb3LogicCtrlRegsFile 
*          1    00003900    00000040     UNINITIALIZED
                  00003900    00000040     F2837xS_GlobalVariableDefs.obj (Clb3LogicCtrlRegsFile)

Clb3DataExchRegsFile 
*          1    00003a00    00000108     UNINITIALIZED
                  00003a00    00000108     F2837xS_GlobalVariableDefs.obj (Clb3DataExchRegsFile)

Clb4LogicCfgRegsFile 
*          1    00003c00    0000003e     UNINITIALIZED
                  00003c00    0000003e     F2837xS_GlobalVariableDefs.obj (Clb4LogicCfgRegsFile)

Clb4LogicCtrlRegsFile 
*          1    00003d00    00000040     UNINITIALIZED
                  00003d00    00000040     F2837xS_GlobalVariableDefs.obj (Clb4LogicCtrlRegsFile)

Clb4DataExchRegsFile 
*          1    00003e00    00000108     UNINITIALIZED
                  00003e00    00000108     F2837xS_GlobalVariableDefs.obj (Clb4DataExchRegsFile)

EPwm1RegsFile 
*          1    00004000    00000100     UNINITIALIZED
                  00004000    00000100     F2837xS_GlobalVariableDefs.obj (EPwm1RegsFile)

EPwm2RegsFile 
*          1    00004100    00000100     UNINITIALIZED
                  00004100    00000100     F2837xS_GlobalVariableDefs.obj (EPwm2RegsFile)

EPwm3RegsFile 
*          1    00004200    00000100     UNINITIALIZED
                  00004200    00000100     F2837xS_GlobalVariableDefs.obj (EPwm3RegsFile)

EPwm4RegsFile 
*          1    00004300    00000100     UNINITIALIZED
                  00004300    00000100     F2837xS_GlobalVariableDefs.obj (EPwm4RegsFile)

EPwm5RegsFile 
*          1    00004400    00000100     UNINITIALIZED
                  00004400    00000100     F2837xS_GlobalVariableDefs.obj (EPwm5RegsFile)

EPwm6RegsFile 
*          1    00004500    00000100     UNINITIALIZED
                  00004500    00000100     F2837xS_GlobalVariableDefs.obj (EPwm6RegsFile)

EPwm7RegsFile 
*          1    00004600    00000100     UNINITIALIZED
                  00004600    00000100     F2837xS_GlobalVariableDefs.obj (EPwm7RegsFile)

EPwm8RegsFile 
*          1    00004700    00000100     UNINITIALIZED
                  00004700    00000100     F2837xS_GlobalVariableDefs.obj (EPwm8RegsFile)

EPwm9RegsFile 
*          1    00004800    00000100     UNINITIALIZED
                  00004800    00000100     F2837xS_GlobalVariableDefs.obj (EPwm9RegsFile)

EPwm10RegsFile 
*          1    00004900    00000100     UNINITIALIZED
                  00004900    00000100     F2837xS_GlobalVariableDefs.obj (EPwm10RegsFile)

EPwm11RegsFile 
*          1    00004a00    00000100     UNINITIALIZED
                  00004a00    00000100     F2837xS_GlobalVariableDefs.obj (EPwm11RegsFile)

EPwm12RegsFile 
*          1    00004b00    00000100     UNINITIALIZED
                  00004b00    00000100     F2837xS_GlobalVariableDefs.obj (EPwm12RegsFile)

ECap1RegsFile 
*          1    00005000    0000001a     UNINITIALIZED
                  00005000    0000001a     F2837xS_GlobalVariableDefs.obj (ECap1RegsFile)

ECap2RegsFile 
*          1    00005020    0000001a     UNINITIALIZED
                  00005020    0000001a     F2837xS_GlobalVariableDefs.obj (ECap2RegsFile)

ECap3RegsFile 
*          1    00005040    0000001a     UNINITIALIZED
                  00005040    0000001a     F2837xS_GlobalVariableDefs.obj (ECap3RegsFile)

ECap4RegsFile 
*          1    00005060    0000001a     UNINITIALIZED
                  00005060    0000001a     F2837xS_GlobalVariableDefs.obj (ECap4RegsFile)

ECap5RegsFile 
*          1    00005080    0000001a     UNINITIALIZED
                  00005080    0000001a     F2837xS_GlobalVariableDefs.obj (ECap5RegsFile)

ECap6RegsFile 
*          1    000050a0    0000001a     UNINITIALIZED
                  000050a0    0000001a     F2837xS_GlobalVariableDefs.obj (ECap6RegsFile)

EQep1RegsFile 
*          1    00005100    00000022     UNINITIALIZED
                  00005100    00000022     F2837xS_GlobalVariableDefs.obj (EQep1RegsFile)

EQep2RegsFile 
*          1    00005140    00000022     UNINITIALIZED
                  00005140    00000022     F2837xS_GlobalVariableDefs.obj (EQep2RegsFile)

EQep3RegsFile 
*          1    00005180    00000022     UNINITIALIZED
                  00005180    00000022     F2837xS_GlobalVariableDefs.obj (EQep3RegsFile)

DacaRegsFile 
*          1    00005c00    00000007     UNINITIALIZED
                  00005c00    00000007     F2837xS_GlobalVariableDefs.obj (DacaRegsFile)

DacbRegsFile 
*          1    00005c10    00000007     UNINITIALIZED
                  00005c10    00000007     F2837xS_GlobalVariableDefs.obj (DacbRegsFile)

DaccRegsFile 
*          1    00005c20    00000007     UNINITIALIZED
                  00005c20    00000007     F2837xS_GlobalVariableDefs.obj (DaccRegsFile)

Cmpss1RegsFile 
*          1    00005c80    0000001b     UNINITIALIZED
                  00005c80    0000001b     F2837xS_GlobalVariableDefs.obj (Cmpss1RegsFile)

Cmpss2RegsFile 
*          1    00005ca0    0000001b     UNINITIALIZED
                  00005ca0    0000001b     F2837xS_GlobalVariableDefs.obj (Cmpss2RegsFile)

Cmpss3RegsFile 
*          1    00005cc0    0000001b     UNINITIALIZED
                  00005cc0    0000001b     F2837xS_GlobalVariableDefs.obj (Cmpss3RegsFile)

Cmpss4RegsFile 
*          1    00005ce0    0000001b     UNINITIALIZED
                  00005ce0    0000001b     F2837xS_GlobalVariableDefs.obj (Cmpss4RegsFile)

Cmpss5RegsFile 
*          1    00005d00    0000001b     UNINITIALIZED
                  00005d00    0000001b     F2837xS_GlobalVariableDefs.obj (Cmpss5RegsFile)

Cmpss6RegsFile 
*          1    00005d20    0000001b     UNINITIALIZED
                  00005d20    0000001b     F2837xS_GlobalVariableDefs.obj (Cmpss6RegsFile)

Cmpss7RegsFile 
*          1    00005d40    0000001b     UNINITIALIZED
                  00005d40    0000001b     F2837xS_GlobalVariableDefs.obj (Cmpss7RegsFile)

Cmpss8RegsFile 
*          1    00005d60    0000001b     UNINITIALIZED
                  00005d60    0000001b     F2837xS_GlobalVariableDefs.obj (Cmpss8RegsFile)

Sdfm1RegsFile 
*          1    00005e00    00000048     UNINITIALIZED
                  00005e00    00000048     F2837xS_GlobalVariableDefs.obj (Sdfm1RegsFile)

Sdfm2RegsFile 
*          1    00005e80    00000048     UNINITIALIZED
                  00005e80    00000048     F2837xS_GlobalVariableDefs.obj (Sdfm2RegsFile)

McbspaRegsFile 
*          1    00006000    00000024     UNINITIALIZED
                  00006000    00000024     F2837xS_GlobalVariableDefs.obj (McbspaRegsFile)

McbspbRegsFile 
*          1    00006040    00000024     UNINITIALIZED
                  00006040    00000024     F2837xS_GlobalVariableDefs.obj (McbspbRegsFile)

SpiaRegsFile 
*          1    00006100    00000010     UNINITIALIZED
                  00006100    00000010     F2837xS_GlobalVariableDefs.obj (SpiaRegsFile)

SpibRegsFile 
*          1    00006110    00000010     UNINITIALIZED
                  00006110    00000010     F2837xS_GlobalVariableDefs.obj (SpibRegsFile)

SpicRegsFile 
*          1    00006120    00000010     UNINITIALIZED
                  00006120    00000010     F2837xS_GlobalVariableDefs.obj (SpicRegsFile)

UppRegsFile 
*          1    00006200    00000048     UNINITIALIZED
                  00006200    00000048     F2837xS_GlobalVariableDefs.obj (UppRegsFile)

WdRegsFile 
*          1    00007000    0000002b     UNINITIALIZED
                  00007000    0000002b     F2837xS_GlobalVariableDefs.obj (WdRegsFile)

NmiIntruptRegsFile 
*          1    00007060    00000007     UNINITIALIZED
                  00007060    00000007     F2837xS_GlobalVariableDefs.obj (NmiIntruptRegsFile)

XintRegsFile 
*          1    00007070    0000000b     UNINITIALIZED
                  00007070    0000000b     F2837xS_GlobalVariableDefs.obj (XintRegsFile)

SciaRegsFile 
*          1    00007200    00000010     UNINITIALIZED
                  00007200    00000010     F2837xS_GlobalVariableDefs.obj (SciaRegsFile)

ScibRegsFile 
*          1    00007210    00000010     UNINITIALIZED
                  00007210    00000010     F2837xS_GlobalVariableDefs.obj (ScibRegsFile)

ScicRegsFile 
*          1    00007220    00000010     UNINITIALIZED
                  00007220    00000010     F2837xS_GlobalVariableDefs.obj (ScicRegsFile)

ScidRegsFile 
*          1    00007230    00000010     UNINITIALIZED
                  00007230    00000010     F2837xS_GlobalVariableDefs.obj (ScidRegsFile)

I2caRegsFile 
*          1    00007300    00000022     UNINITIALIZED
                  00007300    00000022     F2837xS_GlobalVariableDefs.obj (I2caRegsFile)

I2cbRegsFile 
*          1    00007340    00000022     UNINITIALIZED
                  00007340    00000022     F2837xS_GlobalVariableDefs.obj (I2cbRegsFile)

AdcaRegsFile 
*          1    00007400    0000007c     UNINITIALIZED
                  00007400    0000007c     F2837xS_GlobalVariableDefs.obj (AdcaRegsFile)

AdcbRegsFile 
*          1    00007480    0000007c     UNINITIALIZED
                  00007480    0000007c     F2837xS_GlobalVariableDefs.obj (AdcbRegsFile)

AdccRegsFile 
*          1    00007500    0000007c     UNINITIALIZED
                  00007500    0000007c     F2837xS_GlobalVariableDefs.obj (AdccRegsFile)

AdcdRegsFile 
*          1    00007580    0000007c     UNINITIALIZED
                  00007580    0000007c     F2837xS_GlobalVariableDefs.obj (AdcdRegsFile)

InputXbarRegsFile 
*          1    00007900    00000020     UNINITIALIZED
                  00007900    00000020     F2837xS_GlobalVariableDefs.obj (InputXbarRegsFile)

XbarRegsFile 
*          1    00007920    0000000e     UNINITIALIZED
                  00007920    0000000e     F2837xS_GlobalVariableDefs.obj (XbarRegsFile)

SyncSocRegsFile 
*          1    00007940    00000006     UNINITIALIZED
                  00007940    00000006     F2837xS_GlobalVariableDefs.obj (SyncSocRegsFile)

DmaClaSrcSelRegsFile 
*          1    00007980    0000001a     UNINITIALIZED
                  00007980    0000001a     F2837xS_GlobalVariableDefs.obj (DmaClaSrcSelRegsFile)

EPwmXbarRegsFile 
*          1    00007a00    00000040     UNINITIALIZED
                  00007a00    00000040     F2837xS_GlobalVariableDefs.obj (EPwmXbarRegsFile)

ClbXbarRegsFile 
*          1    00007a40    00000040     UNINITIALIZED
                  00007a40    00000040     F2837xS_GlobalVariableDefs.obj (ClbXbarRegsFile)

OutputXbarRegsFile 
*          1    00007a80    00000040     UNINITIALIZED
                  00007a80    00000040     F2837xS_GlobalVariableDefs.obj (OutputXbarRegsFile)

GpioCtrlRegsFile 
*          1    00007c00    00000180     UNINITIALIZED
                  00007c00    00000180     F2837xS_GlobalVariableDefs.obj (GpioCtrlRegsFile)

GpioDataRegsFile 
*          1    00007f00    00000030     UNINITIALIZED
                  00007f00    00000030     F2837xS_GlobalVariableDefs.obj (GpioDataRegsFile)

.ebss      1    00008000    00000907     UNINITIALIZED
                  00008000    000003fc     Motorsteuerung_CAN_hal.obj (.ebss:_ScopeBuffer)
                  000083fc    00000002     Motorsteuerung_CAN_hal.obj (.ebss:_CanHandles)
                  000083fe    00000002     Motorsteuerung_CAN_hal.obj (.ebss:_CanObj)
                  00008400    000003e2     Motorsteuerung_CAN_hal.obj (.ebss)
                  000087e2    0000001e     dio_2837x.obj (.ebss)
                  00008800    0000007e     Motorsteuerung_CAN.obj (.ebss)
                  0000887e    00000002     Motorsteuerung_CAN_hal.obj (.ebss:_DoutHandles)
                  00008880    0000002e     dispatcher.obj (.ebss)
                  000088ae    0000000a     Motorsteuerung_CAN_hal.obj (.ebss:_TaskObj)
                  000088b8    00000008     Motorsteuerung_CAN.obj (.ebss:_Can0Mbox0Data)
                  000088c0    0000001e     power.obj (.ebss)
                  000088de    00000008     Motorsteuerung_CAN.obj (.ebss:_Can0Mbox1Data)
                  000088e6    00000008     Motorsteuerung_CAN_hal.obj (.ebss:_DoutObj)
                  000088ee    00000008     ain_2837x.obj (.ebss)
                  000088f6    00000006     rts2800_fpu32.lib : exit.c.obj (.ebss)
                  000088fc    00000002     Motorsteuerung_CAN.obj (.ebss:_Motorsteuerung_CAN_D_bool)
                  000088fe    00000002     Motorsteuerung_CAN.obj (.ebss:_Motorsteuerung_CAN_subTaskTick)
                  00008900    00000002     rts2800_fpu32.lib : _lock.c.obj (.ebss:__lock)
                  00008902    00000002                       : _lock.c.obj (.ebss:__unlock)
                  00008904    00000002     dac_2837x.obj (.ebss)
                  00008906    00000001     Motorsteuerung_CAN.obj (.ebss:_Motorsteuerung_CAN_subTaskHit)

Emif1RegsFile 
*          1    00047000    00000028     UNINITIALIZED
                  00047000    00000028     F2837xS_GlobalVariableDefs.obj (Emif1RegsFile)

Emif2RegsFile 
*          1    00047800    00000028     UNINITIALIZED
                  00047800    00000028     F2837xS_GlobalVariableDefs.obj (Emif2RegsFile)

CanaRegsFile 
*          1    00048000    00000164     UNINITIALIZED
                  00048000    00000164     F2837xS_GlobalVariableDefs.obj (CanaRegsFile)

CanbRegsFile 
*          1    0004a000    00000164     UNINITIALIZED
                  0004a000    00000164     F2837xS_GlobalVariableDefs.obj (CanbRegsFile)

FlashPumpSemaphoreRegsFile 
*          1    00050024    00000002     UNINITIALIZED
                  00050024    00000002     F2837xS_GlobalVariableDefs.obj (FlashPumpSemaphoreRegsFile)

DevCfgRegsFile 
*          1    0005d000    0000012e     UNINITIALIZED
                  0005d000    0000012e     F2837xS_GlobalVariableDefs.obj (DevCfgRegsFile)

AnalogSubsysRegsFile 
*          1    0005d180    0000003e     UNINITIALIZED
                  0005d180    0000003e     F2837xS_GlobalVariableDefs.obj (AnalogSubsysRegsFile)

ClkCfgRegsFile 
*          1    0005d200    00000032     UNINITIALIZED
                  0005d200    00000032     F2837xS_GlobalVariableDefs.obj (ClkCfgRegsFile)

CpuSysRegsFile 
*          1    0005d300    00000082     UNINITIALIZED
                  0005d300    00000082     F2837xS_GlobalVariableDefs.obj (CpuSysRegsFile)

DcsmZ1RegsFile 
*          1    0005f000    00000022     UNINITIALIZED
                  0005f000    00000022     F2837xS_GlobalVariableDefs.obj (DcsmZ1RegsFile)

DcsmZ2RegsFile 
*          1    0005f040    00000022     UNINITIALIZED
                  0005f040    00000022     F2837xS_GlobalVariableDefs.obj (DcsmZ2RegsFile)

DcsmCommonRegsFile 
*          1    0005f070    00000006     UNINITIALIZED
                  0005f070    00000006     F2837xS_GlobalVariableDefs.obj (DcsmCommonRegsFile)

MemCfgRegsFile 
*          1    0005f400    00000076     UNINITIALIZED
                  0005f400    00000076     F2837xS_GlobalVariableDefs.obj (MemCfgRegsFile)

Emif1ConfigRegsFile 
*          1    0005f480    0000000a     UNINITIALIZED
                  0005f480    0000000a     F2837xS_GlobalVariableDefs.obj (Emif1ConfigRegsFile)

Emif2ConfigRegsFile 
*          1    0005f4a0    0000000a     UNINITIALIZED
                  0005f4a0    0000000a     F2837xS_GlobalVariableDefs.obj (Emif2ConfigRegsFile)

AccessProtectionRegsFile 
*          1    0005f4c0    0000002e     UNINITIALIZED
                  0005f4c0    0000002e     F2837xS_GlobalVariableDefs.obj (AccessProtectionRegsFile)

MemoryErrorRegsFile 
*          1    0005f500    0000003a     UNINITIALIZED
                  0005f500    0000003a     F2837xS_GlobalVariableDefs.obj (MemoryErrorRegsFile)

Flash0CtrlRegsFile 
*          1    0005f800    00000182     UNINITIALIZED
                  0005f800    00000182     F2837xS_GlobalVariableDefs.obj (Flash0CtrlRegsFile)

Flash0EccRegsFile 
*          1    0005fb00    00000028     UNINITIALIZED
                  0005fb00    00000028     F2837xS_GlobalVariableDefs.obj (Flash0EccRegsFile)

Flash1CtrlRegsFile 
*          1    0005fc00    00000182     UNINITIALIZED
                  0005fc00    00000182     F2837xS_GlobalVariableDefs.obj (Flash1CtrlRegsFile)

Flash1EccRegsFile 
*          1    0005ff00    00000028     UNINITIALIZED
                  0005ff00    00000028     F2837xS_GlobalVariableDefs.obj (Flash1EccRegsFile)

RomPrefetchRegsFile 
*          1    0005e608    00000002     UNINITIALIZED
                  0005e608    00000002     F2837xS_GlobalVariableDefs.obj (RomPrefetchRegsFile)

RomWaitStateRegsFile 
*          1    0005f540    00000002     UNINITIALIZED
                  0005f540    00000002     F2837xS_GlobalVariableDefs.obj (RomWaitStateRegsFile)

codestart 
*          0    00000000    00000002     
                  00000000    00000002     F2837xS_CodeStartBranch.obj (codestart)

dispatch   0    0000f00c    000000ac     
                  0000f00c    000000ac     dispatcher.obj (dispatch)

.cinit     0    0000f10f    0000004c     
                  0000f10f    0000000f     Motorsteuerung_CAN.obj (.cinit)
                  0000f11e    0000000e     rts2800_fpu32.lib : exit.c.obj (.cinit)
                  0000f12c    0000000d     Motorsteuerung_CAN_hal.obj (.cinit)
                  0000f139    0000000b     Motorsteuerung_CAN.obj (.cinit:_Can0Mbox0Data)
                  0000f144    0000000b     Motorsteuerung_CAN.obj (.cinit:_Can0Mbox1Data)
                  0000f14f    00000005     rts2800_fpu32.lib : _lock.c.obj (.cinit:__lock)
                  0000f154    00000005                       : _lock.c.obj (.cinit:__unlock)
                  0000f159    00000002     --HOLE-- [fill = 0]

.pinit     0    0000c000    00000000     UNINITIALIZED

.econst    0    0000ef28    000000e4     
                  0000ef28    0000006a     Motorsteuerung_CAN.obj (.econst:.string)
                  0000ef92    0000003c     Motorsteuerung_CAN_hal.obj (.econst:pilv)
                  0000efce    00000014     Motorsteuerung_CAN.obj (.econst:_Motorsteuerung_CAN_ExtModeSignals)
                  0000efe2    00000010     pil_c28_fpu32.lib : seriallink.obj (.econst:_PIL_SLINK_crc16Lookup)
                  0000eff2    00000010     Motorsteuerung_CAN_hal.obj (.econst:pilv:retain)
                  0000f002    00000004     Motorsteuerung_CAN.obj (.econst)
                  0000f006    00000002     Motorsteuerung_CAN_hal.obj (.econst:_$P$T0$1)
                  0000f008    00000002     Motorsteuerung_CAN.obj (.econst:_Motorsteuerung_CAN_subTaskPeriod)
                  0000f00a    00000002     rts2800_fpu32.lib : s_floorf.c.obj (.econst)

.TI.ramfunc 
*          0    0000f15b    00000008     
                  0000f15b    00000004     F2837xS_usDelay.obj (.TI.ramfunc)
                  0000f15f    00000004     sysctl.obj (.TI.ramfunc)

.stack     1    00008908    00000300     UNINITIALIZED
                  00008908    00000300     --HOLE--

.reset     0    003fffc0    00000002     DSECT
                  003fffc0    00000002     rts2800_fpu32.lib : boot28.asm.obj (.reset)

MODULE SUMMARY

       Module                           code    initialized data   uninitialized data
       ------                           ----    ----------------   ------------------
    .\output_TI2837xS\
       F2837xS_GlobalVariableDefs.obj   0       0                  10244             
       Motorsteuerung_CAN_hal.obj       537     91                 2038              
       F2837xS_DefaultISR.obj           1413    0                  0                 
       Motorsteuerung_CAN.obj           857     169                147               
       F2837xS_DevInit.obj              910     0                  0                 
       can.obj                          625     0                  0                 
       dispatcher.obj                   481     0                  46                
       canbus_2837x.obj                 398     0                  0                 
       dio_2837x.obj                    308     0                  30                
       sci_2837x.obj                    164     0                  0                 
       power.obj                        0       0                  30                
       Motorsteuerung_CAN_main.obj      16      0                  0                 
       F2837xS_CodeStartBranch.obj      10      0                  0                 
       ain_2837x.obj                    0       0                  8                 
       F2837xS_usDelay.obj              4       0                  0                 
       sysctl.obj                       4       0                  0                 
       dac_2837x.obj                    0       0                  2                 
    +--+--------------------------------+-------+------------------+--------------------+
       Total:                           5727    260                12545             
                                                                                     
    C:\Users\phngv\AppData\Local\Programs\PLECS C2000 TSP\cgt\ti-cgt-c2000_18.12.8.LTS\LIB\rts2800_fpu32.lib
       fs_div28.asm.obj                 136     0                  0                 
       s_floorf.c.obj                   89      2                  0                 
       boot28.asm.obj                   86      0                  0                 
       exit.c.obj                       41      14                 6                 
       cpy_tbl.c.obj                    36      0                  0                 
       memcpy.c.obj                     29      0                  0                 
       args_main.c.obj                  25      0                  0                 
       _lock.c.obj                      9       10                 4                 
       pre_init.c.obj                   2       0                  0                 
       startup.c.obj                    1       0                  0                 
    +--+--------------------------------+-------+------------------+--------------------+
       Total:                           454     26                 10                
                                                                                     
    C:\Users\phngv\Downloads\Compressed\Coder Target\tsp_ti_c2000\ccs\2837x\..\pil\pil_c28_fpu32.lib
       probes.obj                       1564    0                  0                 
       scope.obj                        1236    0                  0                 
       pil.obj                          1015    0                  0                 
       seriallink.obj                   804     16                 0                 
       basicservices.obj                544     0                  0                 
       remoteagent.obj                  520     0                  0                 
       parallelbridge.obj               371     0                  0                 
       ringbuf.obj                      98      0                  0                 
       pil_f28x_dis_int.obj             7       0                  0                 
    +--+--------------------------------+-------+------------------+--------------------+
       Total:                           6159    16                 0                 
                                                                                     
       Stack:                           0       0                  768               
    +--+--------------------------------+-------+------------------+--------------------+
       Grand Total:                     12340   302                13323             


GLOBAL DATA SYMBOLS: SORTED BY DATA PAGE

address     data page           name
--------    ----------------    ----
00000b00      2c (00000b00)     _AdcaResultRegs
00000b20      2c (00000b00)     _AdcbResultRegs

00000b40      2d (00000b40)     _AdccResultRegs
00000b60      2d (00000b40)     _AdcdResultRegs

00000c00      30 (00000c00)     _CpuTimer0Regs
00000c08      30 (00000c00)     _CpuTimer1Regs
00000c10      30 (00000c00)     _CpuTimer2Regs

00000ce0      33 (00000cc0)     _PieCtrlRegs

00000d00      34 (00000d00)     _PieVectTable

00001000      40 (00001000)     _DmaRegs

00001400      50 (00001400)     _Cla1Regs

00003000      c0 (00003000)     _Clb1LogicCfgRegs

00003100      c4 (00003100)     _Clb1LogicCtrlRegs

00003200      c8 (00003200)     _Clb1DataExchRegs

00003400      d0 (00003400)     _Clb2LogicCfgRegs

00003500      d4 (00003500)     _Clb2LogicCtrlRegs

00003600      d8 (00003600)     _Clb2DataExchRegs

00003800      e0 (00003800)     _Clb3LogicCfgRegs

00003900      e4 (00003900)     _Clb3LogicCtrlRegs

00003a00      e8 (00003a00)     _Clb3DataExchRegs

00003c00      f0 (00003c00)     _Clb4LogicCfgRegs

00003d00      f4 (00003d00)     _Clb4LogicCtrlRegs

00003e00      f8 (00003e00)     _Clb4DataExchRegs

00004000     100 (00004000)     _EPwm1Regs

00004100     104 (00004100)     _EPwm2Regs

00004200     108 (00004200)     _EPwm3Regs

00004300     10c (00004300)     _EPwm4Regs

00004400     110 (00004400)     _EPwm5Regs

00004500     114 (00004500)     _EPwm6Regs

00004600     118 (00004600)     _EPwm7Regs

00004700     11c (00004700)     _EPwm8Regs

00004800     120 (00004800)     _EPwm9Regs

00004900     124 (00004900)     _EPwm10Regs

00004a00     128 (00004a00)     _EPwm11Regs

00004b00     12c (00004b00)     _EPwm12Regs

00005000     140 (00005000)     _ECap1Regs
00005020     140 (00005000)     _ECap2Regs

00005040     141 (00005040)     _ECap3Regs
00005060     141 (00005040)     _ECap4Regs

00005080     142 (00005080)     _ECap5Regs
000050a0     142 (00005080)     _ECap6Regs

00005100     144 (00005100)     _EQep1Regs

00005140     145 (00005140)     _EQep2Regs

00005180     146 (00005180)     _EQep3Regs

00005c00     170 (00005c00)     _DacaRegs
00005c10     170 (00005c00)     _DacbRegs
00005c20     170 (00005c00)     _DaccRegs

00005c80     172 (00005c80)     _Cmpss1Regs
00005ca0     172 (00005c80)     _Cmpss2Regs

00005cc0     173 (00005cc0)     _Cmpss3Regs
00005ce0     173 (00005cc0)     _Cmpss4Regs

00005d00     174 (00005d00)     _Cmpss5Regs
00005d20     174 (00005d00)     _Cmpss6Regs

00005d40     175 (00005d40)     _Cmpss7Regs
00005d60     175 (00005d40)     _Cmpss8Regs

00005e00     178 (00005e00)     _Sdfm1Regs

00005e80     17a (00005e80)     _Sdfm2Regs

00006000     180 (00006000)     _McbspaRegs

00006040     181 (00006040)     _McbspbRegs

00006100     184 (00006100)     _SpiaRegs
00006110     184 (00006100)     _SpibRegs
00006120     184 (00006100)     _SpicRegs

00006200     188 (00006200)     _UppRegs

00007000     1c0 (00007000)     _WdRegs

00007060     1c1 (00007040)     _NmiIntruptRegs
00007070     1c1 (00007040)     _XintRegs

00007200     1c8 (00007200)     _SciaRegs
00007210     1c8 (00007200)     _ScibRegs
00007220     1c8 (00007200)     _ScicRegs
00007230     1c8 (00007200)     _ScidRegs

00007300     1cc (00007300)     _I2caRegs

00007340     1cd (00007340)     _I2cbRegs

00007400     1d0 (00007400)     _AdcaRegs

00007480     1d2 (00007480)     _AdcbRegs

00007500     1d4 (00007500)     _AdccRegs

00007580     1d6 (00007580)     _AdcdRegs

00007900     1e4 (00007900)     _InputXbarRegs
00007920     1e4 (00007900)     _XbarRegs

00007940     1e5 (00007940)     _SyncSocRegs

00007980     1e6 (00007980)     _DmaClaSrcSelRegs

00007a00     1e8 (00007a00)     _EPwmXbarRegs

00007a40     1e9 (00007a40)     _ClbXbarRegs

00007a80     1ea (00007a80)     _OutputXbarRegs

00007c00     1f0 (00007c00)     _GpioCtrlRegs

00007f00     1fc (00007f00)     _GpioDataRegs

00008000     200 (00008000)     _ScopeBuffer

000083fc     20f (000083c0)     _CanHandles
000083fe     20f (000083c0)     _CanObj

00008402     210 (00008400)     _PilHandle
00008404     210 (00008400)     _SciHandle
00008406     210 (00008400)     _SciObj

00008440     211 (00008440)     _PilObj

00008808     220 (00008800)     _Motorsteuerung_CAN_errorStatus
0000880a     220 (00008800)     _Motorsteuerung_CAN_X
00008810     220 (00008800)     _Motorsteuerung_CAN_P

00008840     221 (00008840)     _Motorsteuerung_CAN_B
0000887e     221 (00008840)     _DoutHandles

00008880     222 (00008880)     _DisprHandle
00008882     222 (00008880)     _DisprObj
000088ae     222 (00008880)     _TaskObj

000088c0     223 (000088c0)     _PLX_PWR_SHandle
000088c2     223 (000088c0)     _PLX_PWR_SObj
000088e6     223 (000088c0)     _DoutObj
000088f6     223 (000088c0)     ___TI_enable_exit_profile_output
000088f8     223 (000088c0)     ___TI_cleanup_ptr
000088fa     223 (000088c0)     ___TI_dtors_ptr

00008900     224 (00008900)     __lock
00008902     224 (00008900)     __unlock
00008908     224 (00008900)     __stack

0000ef92     3be (0000ef80)     _PIL_D_FrameworkVersion
0000ef93     3be (0000ef80)     _PIL_D_StationAddress
0000ef94     3be (0000ef80)     _PIL_D_BaudRate
0000ef96     3be (0000ef80)     _PIL_D_Guid
0000ef9e     3be (0000ef80)     _PIL_D_CompiledBy
0000efaa     3be (0000ef80)     _PIL_D_FirmwareDescription
0000efba     3be (0000ef80)     _PIL_D_CompiledDate

0000efce     3bf (0000efc0)     _Motorsteuerung_CAN_ExtModeSignals
0000efe2     3bf (0000efc0)     _PIL_SLINK_crc16Lookup
0000eff2     3bf (0000efc0)     _PIL_C_ExtMode_targetFloat_Size
0000eff4     3bf (0000efc0)     _PIL_C_ExtMode_targetPointer_Size
0000eff6     3bf (0000efc0)     _PIL_C_ExtMode_sampleTime_Ptr
0000eff8     3bf (0000efc0)     _PIL_C_ExtMode_checksum_Ptr
0000effa     3bf (0000efc0)     _PIL_C_ExtMode_P_Ptr
0000effc     3bf (0000efc0)     _PIL_C_ExtMode_P_Size
0000effe     3bf (0000efc0)     _PIL_C_ExtMode_ExtModeSignals_Ptr

0000f000     3c0 (0000f000)     _PIL_C_ExtMode_ExtModeSignals_Size
0000f002     3c0 (0000f000)     _Motorsteuerung_CAN_sampleTime
0000f004     3c0 (0000f000)     _Motorsteuerung_CAN_checksum

00047000    11c0 (00047000)     _Emif1Regs

00047800    11e0 (00047800)     _Emif2Regs

00048000    1200 (00048000)     _CanaRegs

0004a000    1280 (0004a000)     _CanbRegs

00050024    1400 (00050000)     _FlashPumpSemaphoreRegs

0005d000    1740 (0005d000)     _DevCfgRegs

0005d180    1746 (0005d180)     _AnalogSubsysRegs

0005d200    1748 (0005d200)     _ClkCfgRegs

0005d300    174c (0005d300)     _CpuSysRegs

0005e608    1798 (0005e600)     _RomPrefetchRegs

0005f000    17c0 (0005f000)     _DcsmZ1Regs

0005f040    17c1 (0005f040)     _DcsmZ2Regs
0005f070    17c1 (0005f040)     _DcsmCommonRegs

0005f400    17d0 (0005f400)     _MemCfgRegs

0005f480    17d2 (0005f480)     _Emif1ConfigRegs
0005f4a0    17d2 (0005f480)     _Emif2ConfigRegs

0005f4c0    17d3 (0005f4c0)     _AccessProtectionRegs

0005f500    17d4 (0005f500)     _MemoryErrorRegs

0005f540    17d5 (0005f540)     _RomWaitStateRegs

0005f800    17e0 (0005f800)     _Flash0CtrlRegs

0005fb00    17ec (0005fb00)     _Flash0EccRegs

0005fc00    17f0 (0005fc00)     _Flash1CtrlRegs

0005ff00    17fc (0005ff00)     _Flash1EccRegs


GLOBAL SYMBOLS: SORTED ALPHABETICALLY BY Name 

page  address   name                                    
----  -------   ----                                    
0     0000c000  .text                                   
0     0000ee6f  C$$EXIT                                 
0     0000ec9f  FS$$DIV                                 
0     0000cb97  _ADCA1_ISR                              
0     0000cb8d  _ADCA2_ISR                              
0     0000cb83  _ADCA3_ISR                              
0     0000cb79  _ADCA4_ISR                              
0     0000cb6f  _ADCA_EVT_ISR                           
0     0000cb65  _ADCB1_ISR                              
0     0000cb5b  _ADCB2_ISR                              
0     0000cb51  _ADCB3_ISR                              
0     0000cb47  _ADCB4_ISR                              
0     0000cb3d  _ADCB_EVT_ISR                           
0     0000cb33  _ADCC1_ISR                              
0     0000cb29  _ADCC2_ISR                              
0     0000cb1f  _ADCC3_ISR                              
0     0000cb15  _ADCC4_ISR                              
0     0000cb0b  _ADCC_EVT_ISR                           
0     0000cb01  _ADCD1_ISR                              
0     0000caf7  _ADCD2_ISR                              
0     0000caed  _ADCD3_ISR                              
0     0000cae3  _ADCD4_ISR                              
0     0000cad9  _ADCD_EVT_ISR                           
0     0000cacf  _AUX_PLL_SLIP_ISR                       
1     0005f4c0  _AccessProtectionRegs                   
1     00007400  _AdcaRegs                               
1     00000b00  _AdcaResultRegs                         
1     00007480  _AdcbRegs                               
1     00000b20  _AdcbResultRegs                         
1     00007500  _AdccRegs                               
1     00000b40  _AdccResultRegs                         
1     00007580  _AdcdRegs                               
1     00000b60  _AdcdResultRegs                         
1     0005d180  _AnalogSubsysRegs                       
0     0000cac5  _CANA0_ISR                              
0     0000cabb  _CANA1_ISR                              
0     0000cab1  _CANB0_ISR                              
0     0000caa7  _CANB1_ISR                              
0     0000e06c  _CAN_clearInterruptStatus               
0     0000e055  _CAN_clearMessage                       
0     0000e03e  _CAN_initModule                         
0     0000dfc5  _CAN_readMessage                        
0     0000e00a  _CAN_readMessageWithID                  
0     0000df79  _CAN_sendMessage                        
0     0000df40  _CAN_setBitRate                         
0     0000df0b  _CAN_setBitTiming                       
0     0000de56  _CAN_setupMessageObject                 
0     0000de16  _CAN_transferMessage                    
0     0000ca9d  _CLA1_1_ISR                             
0     0000ca93  _CLA1_2_ISR                             
0     0000ca89  _CLA1_3_ISR                             
0     0000ca7f  _CLA1_4_ISR                             
0     0000ca75  _CLA1_5_ISR                             
0     0000ca6b  _CLA1_6_ISR                             
0     0000ca61  _CLA1_7_ISR                             
0     0000ca57  _CLA1_8_ISR                             
0     0000ca4d  _CLA_OVERFLOW_ISR                       
0     0000ca43  _CLA_UNDERFLOW_ISR                      
1     000083fc  _CanHandles                             
1     000083fe  _CanObj                                 
1     00048000  _CanaRegs                               
1     0004a000  _CanbRegs                               
1     00001400  _Cla1Regs                               
1     00003200  _Clb1DataExchRegs                       
1     00003000  _Clb1LogicCfgRegs                       
1     00003100  _Clb1LogicCtrlRegs                      
1     00003600  _Clb2DataExchRegs                       
1     00003400  _Clb2LogicCfgRegs                       
1     00003500  _Clb2LogicCtrlRegs                      
1     00003a00  _Clb3DataExchRegs                       
1     00003800  _Clb3LogicCfgRegs                       
1     00003900  _Clb3LogicCtrlRegs                      
1     00003e00  _Clb4DataExchRegs                       
1     00003c00  _Clb4LogicCfgRegs                       
1     00003d00  _Clb4LogicCtrlRegs                      
1     00007a40  _ClbXbarRegs                            
1     0005d200  _ClkCfgRegs                             
1     00005c80  _Cmpss1Regs                             
1     00005ca0  _Cmpss2Regs                             
1     00005cc0  _Cmpss3Regs                             
1     00005ce0  _Cmpss4Regs                             
1     00005d00  _Cmpss5Regs                             
1     00005d20  _Cmpss6Regs                             
1     00005d40  _Cmpss7Regs                             
1     00005d60  _Cmpss8Regs                             
1     0005d300  _CpuSysRegs                             
1     00000c00  _CpuTimer0Regs                          
1     00000c08  _CpuTimer1Regs                          
1     00000c10  _CpuTimer2Regs                          
0     0000ca39  _DATALOG_ISR                            
0     0000e9a4  _DISPR_background                       
0     0000eaa5  _DISPR_configure                        
0     0000f00c  _DISPR_dispatch                         
0     0000eaa0  _DISPR_registerIdleTask                 
0     0000ea9a  _DISPR_registerSyncCallback             
0     0000ea54  _DISPR_registerTask                     
0     0000e992  _DISPR_reset                            
0     0000ea4e  _DISPR_setPowerupDelay                  
0     0000ea43  _DISPR_sinit                            
0     0000ea0c  _DISPR_start                            
0     0000ca2f  _DMA_CH1_ISR                            
0     0000ca25  _DMA_CH2_ISR                            
0     0000ca1b  _DMA_CH3_ISR                            
0     0000ca11  _DMA_CH4_ISR                            
0     0000ca07  _DMA_CH5_ISR                            
0     0000c9fd  _DMA_CH6_ISR                            
1     00005c00  _DacaRegs                               
1     00005c10  _DacbRegs                               
1     00005c20  _DaccRegs                               
1     0005f070  _DcsmCommonRegs                         
1     0005f000  _DcsmZ1Regs                             
1     0005f040  _DcsmZ2Regs                             
1     0005d000  _DevCfgRegs                             
0     0000daae  _DevInit                                
0     0000da1f  _DisableDog                             
1     00008880  _DisprHandle                            
1     00008882  _DisprObj                               
1     00007980  _DmaClaSrcSelRegs                       
1     00001000  _DmaRegs                                
1     0000887e  _DoutHandles                            
1     000088e6  _DoutObj                                
0     0000c9f3  _ECAP1_ISR                              
0     0000c9e9  _ECAP2_ISR                              
0     0000c9df  _ECAP3_ISR                              
0     0000c9d5  _ECAP4_ISR                              
0     0000c9cb  _ECAP5_ISR                              
0     0000c9c1  _ECAP6_ISR                              
1     00005000  _ECap1Regs                              
1     00005020  _ECap2Regs                              
1     00005040  _ECap3Regs                              
1     00005060  _ECap4Regs                              
1     00005080  _ECap5Regs                              
1     000050a0  _ECap6Regs                              
0     0000c9b7  _EMIF_ERROR_ISR                         
0     0000c9aa  _EMPTY_ISR                              
0     0000c9a0  _EMU_ISR                                
0     0000c996  _EPWM10_ISR                             
0     0000c98c  _EPWM10_TZ_ISR                          
0     0000c982  _EPWM11_ISR                             
0     0000c978  _EPWM11_TZ_ISR                          
0     0000c96e  _EPWM12_ISR                             
0     0000c964  _EPWM12_TZ_ISR                          
0     0000c95a  _EPWM1_ISR                              
0     0000c950  _EPWM1_TZ_ISR                           
0     0000c946  _EPWM2_ISR                              
0     0000c93c  _EPWM2_TZ_ISR                           
0     0000c932  _EPWM3_ISR                              
0     0000c928  _EPWM3_TZ_ISR                           
0     0000c91e  _EPWM4_ISR                              
0     0000c914  _EPWM4_TZ_ISR                           
0     0000c90a  _EPWM5_ISR                              
0     0000c900  _EPWM5_TZ_ISR                           
0     0000c8f6  _EPWM6_ISR                              
0     0000c8ec  _EPWM6_TZ_ISR                           
0     0000c8e2  _EPWM7_ISR                              
0     0000c8d8  _EPWM7_TZ_ISR                           
0     0000c8ce  _EPWM8_ISR                              
0     0000c8c4  _EPWM8_TZ_ISR                           
0     0000c8ba  _EPWM9_ISR                              
0     0000c8b0  _EPWM9_TZ_ISR                           
1     00004900  _EPwm10Regs                             
1     00004a00  _EPwm11Regs                             
1     00004b00  _EPwm12Regs                             
1     00004000  _EPwm1Regs                              
1     00004100  _EPwm2Regs                              
1     00004200  _EPwm3Regs                              
1     00004300  _EPwm4Regs                              
1     00004400  _EPwm5Regs                              
1     00004500  _EPwm6Regs                              
1     00004600  _EPwm7Regs                              
1     00004700  _EPwm8Regs                              
1     00004800  _EPwm9Regs                              
1     00007a00  _EPwmXbarRegs                           
0     0000c8a6  _EQEP1_ISR                              
0     0000c89c  _EQEP2_ISR                              
0     0000c892  _EQEP3_ISR                              
1     00005100  _EQep1Regs                              
1     00005140  _EQep2Regs                              
1     00005180  _EQep3Regs                              
1     0005f480  _Emif1ConfigRegs                        
1     00047000  _Emif1Regs                              
1     0005f4a0  _Emif2ConfigRegs                        
1     00047800  _Emif2Regs                              
0     0000f15b  _F28x_usDelay                           
0     0000c888  _FLASH_CORRECTABLE_ERROR_ISR            
0     0000c87e  _FPU_OVERFLOW_ISR                       
0     0000c874  _FPU_UNDERFLOW_ISR                      
1     0005f800  _Flash0CtrlRegs                         
1     0005fb00  _Flash0EccRegs                          
1     0005fc00  _Flash1CtrlRegs                         
1     0005ff00  _Flash1EccRegs                          
1     00050024  _FlashPumpSemaphoreRegs                 
1     00007c00  _GpioCtrlRegs                           
1     00007f00  _GpioDataRegs                           
0     0000c86a  _I2CA_FIFO_ISR                          
0     0000c860  _I2CA_ISR                               
0     0000c856  _I2CB_FIFO_ISR                          
0     0000c84c  _I2CB_ISR                               
1     00007300  _I2caRegs                               
1     00007340  _I2cbRegs                               
0     0000c842  _ILLEGAL_ISR                            
0     0000c838  _IPC0_ISR                               
0     0000c82e  _IPC1_ISR                               
0     0000c824  _IPC2_ISR                               
0     0000c81a  _IPC3_ISR                               
0     0000ef02  _ISR_ILLEGAL                            
0     0000d9dd  _InitFlashHz                            
0     0000f0b8  _InitFlash_Bank_Hz                      
0     0000d805  _InitSysPll                             
1     00007900  _InputXbarRegs                          
0     0000c810  _MCBSPA_RX_ISR                          
0     0000c806  _MCBSPA_TX_ISR                          
0     0000c7fc  _MCBSPB_RX_ISR                          
0     0000c7f2  _MCBSPB_TX_ISR                          
1     00006000  _McbspaRegs                             
1     00006040  _McbspbRegs                             
1     0005f400  _MemCfgRegs                             
0     0000d7fb  _MemCopy                                
1     0005f500  _MemoryErrorRegs                        
1     00008840  _Motorsteuerung_CAN_B                   
0     0000efce  _Motorsteuerung_CAN_ExtModeSignals      
1     00008810  _Motorsteuerung_CAN_P                   
1     0000880a  _Motorsteuerung_CAN_X                   
0     0000e4bf  _Motorsteuerung_CAN_background          
0     0000ee38  _Motorsteuerung_CAN_baseTaskInterrupt   
0     0000f004  _Motorsteuerung_CAN_checksum            
0     0000e4af  _Motorsteuerung_CAN_enableTasksInterrupt
1     00008808  _Motorsteuerung_CAN_errorStatus         
0     0000e560  _Motorsteuerung_CAN_initHal             
0     0000d6d5  _Motorsteuerung_CAN_initialize          
0     0000f002  _Motorsteuerung_CAN_sampleTime          
0     0000d46d  _Motorsteuerung_CAN_step                
0     0000e4ba  _Motorsteuerung_CAN_syncTimers          
0     0000d46c  _Motorsteuerung_CAN_terminate           
0     0000c7e8  _NMI_ISR                                
0     0000c7de  _NOTUSED_ISR                            
1     00007060  _NmiIntruptRegs                         
1     00007a80  _OutputXbarRegs                         
0     0000c7d4  _PIE_RESERVED_ISR                       
0     0000e087  _PIL_BSRVS_init                         
0     0000e10b  _PIL_BSRVS_messageHandler               
0     0000e09f  _PIL_BSRVS_setWriteInterlockHandler     
0     0000effe  _PIL_C_ExtMode_ExtModeSignals_Ptr       
0     0000f000  _PIL_C_ExtMode_ExtModeSignals_Size      
0     0000effa  _PIL_C_ExtMode_P_Ptr                    
0     0000effc  _PIL_C_ExtMode_P_Size                   
0     0000eff8  _PIL_C_ExtMode_checksum_Ptr             
0     0000eff6  _PIL_C_ExtMode_sampleTime_Ptr           
0     0000eff2  _PIL_C_ExtMode_targetFloat_Size         
0     0000eff4  _PIL_C_ExtMode_targetPointer_Size       
0     0000ef94  _PIL_D_BaudRate                         
0     0000ef9e  _PIL_D_CompiledBy                       
0     0000efba  _PIL_D_CompiledDate                     
0     0000efaa  _PIL_D_FirmwareDescription              
0     0000ef92  _PIL_D_FrameworkVersion                 
0     0000ef96  _PIL_D_Guid                             
0     0000ef93  _PIL_D_StationAddress                   
0     0000ef1d  _PIL_DisableInt                         
0     0000e82b  _PIL_PBRIDGE_configure                  
0     0000e81f  _PIL_PBRIDGE_init                       
0     0000e97d  _PIL_PBRIDGE_poll                       
0     0000e834  _PIL_PBRIDGE_setProtocol                
0     0000c04f  _PIL_PROBES_getActualPilMode            
0     0000c064  _PIL_PROBES_getActualPilStep            
0     0000c056  _PIL_PROBES_getDesiredPilMode           
0     0000c06e  _PIL_PROBES_getDesiredPilStep           
0     0000c05d  _PIL_PROBES_getPreviousPilMode          
0     0000c000  _PIL_PROBES_init                        
0     0000c1a6  _PIL_PROBES_messageHandler              
0     0000c02d  _PIL_PROBES_setActualPilMode            
0     0000c043  _PIL_PROBES_setActualPilStep            
0     0000c03a  _PIL_PROBES_setDesiredPilMode           
0     0000e328  _PIL_RA_init                            
0     0000e462  _PIL_RA_pollLinkReq                     
0     0000e40e  _PIL_RA_pollLinkRsp                     
0     0000e3c7  _PIL_RA_registerService                 
0     0000d075  _PIL_RA_serialIn                        
0     0000e3ef  _PIL_RA_serialIn_p                      
0     0000d085  _PIL_RA_serialOut                       
0     0000e3ff  _PIL_RA_serialOut_p                     
0     0000e3a1  _PIL_RA_setChecksum                     
0     0000e387  _PIL_RA_setGuid                         
0     0000e3bb  _PIL_RA_setNodeAddress                  
0     0000ed32  _PIL_RBUF_isEmpty                       
0     0000ed69  _PIL_RBUF_pop                           
0     0000ed40  _PIL_RBUF_push                          
0     0000ed27  _PIL_RBUF_reset                         
0     0000ef21  _PIL_RestoreInt                         
0     0000cbc7  _PIL_SCOPE_init                         
0     0000ce4c  _PIL_SCOPE_messageHandler               
0     0000d094  _PIL_SCOPE_sample                       
0     0000ccaf  _PIL_SCOPE_sample_p                     
0     0000cbe2  _PIL_SCOPE_setBuffer                    
0     0000d0a2  _PIL_SCOPE_trigger                      
0     0000cd50  _PIL_SCOPE_trigger_p                    
0     0000efe2  _PIL_SLINK_crc16Lookup                  
0     0000db1a  _PIL_SLINK_in                           
0     0000daf2  _PIL_SLINK_init                         
0     0000db27  _PIL_SLINK_out                          
0     0000db62  _PIL_SLINK_outBufIsEmpty                
0     0000dcf9  _PIL_SLINK_receive                      
0     0000dcd9  _PIL_SLINK_send                         
0     0000d193  _PIL_allowPilSimulation                 
0     0000d2ea  _PIL_backgroundCall                     
0     0000d232  _PIL_beginInterruptCall                 
0     0000d136  _PIL_configureParallelCom               
0     0000d1be  _PIL_inhibitPilSimulation               
0     0000d3a6  _PIL_init                               
0     0000d1e9  _PIL_requestNormalMode                  
0     0000d202  _PIL_requestReadyMode                   
0     0000d17c  _PIL_setAndConfigScopeBuffer            
0     0000d16e  _PIL_setBackgroundCommCallback          
0     0000d0d5  _PIL_setChecksum                        
0     0000d160  _PIL_setCtrlCallback                    
0     0000d0b0  _PIL_setGuid                            
0     0000d150  _PIL_setNodeAddress                     
0     0000d11d  _PIL_setSerialComCallback               
0     0000d38a  _PIL_setWriteInterlockHandler           
0     0000d21b  _PIL_simulationActive                   
0     0000e555  _PLXHAL_CAN_getIsBusOn                  
0     0000e54a  _PLXHAL_CAN_getIsErrorActive            
0     0000e53a  _PLXHAL_CAN_getMessage                  
0     0000e52b  _PLXHAL_CAN_putMessage                  
0     0000e51e  _PLXHAL_CAN_setBusOn                    
0     0000e4fe  _PLXHAL_DIO_set                         
0     0000e76f  _PLX_CANBUS_configure                   
0     0000e767  _PLX_CANBUS_disableMailbox              
0     0000e743  _PLX_CANBUS_getMessage                  
0     0000e73c  _PLX_CANBUS_init                        
0     0000e731  _PLX_CANBUS_isBusOn                     
0     0000e726  _PLX_CANBUS_isErrorActive               
0     0000e6ed  _PLX_CANBUS_putMessage                  
0     0000e6d0  _PLX_CANBUS_readyForTx                  
0     0000e6c6  _PLX_CANBUS_setBusOn                    
0     0000e692  _PLX_CANBUS_setupMailbox                
0     0000e691  _PLX_CANBUS_sinit                       
0     0000eb9a  _PLX_DIO_configureIn                    
0     0000eb55  _PLX_DIO_configureOut                   
0     0000eafb  _PLX_DIO_init                           
0     0000eaf3  _PLX_DIO_obtainDummyRead                
0     0000eaf0  _PLX_DIO_obtainDummyWrite               
0     0000eac7  _PLX_DIO_sinit                          
1     000088c0  _PLX_PWR_SHandle                        
1     000088c2  _PLX_PWR_SObj                           
0     0000ec9c  _PLX_SCI_configure                      
0     0000ec95  _PLX_SCI_init                           
0     0000ebfb  _PLX_SCI_setupPort                      
1     00000ce0  _PieCtrlRegs                            
1     00000d00  _PieVectTable                           
1     00008402  _PilHandle                              
1     00008440  _PilObj                                 
0     0000c7ca  _RAM_ACCESS_VIOLATION_ISR               
0     0000c7c0  _RAM_CORRECTABLE_ERROR_ISR              
0     0000c7b6  _RTOS_ISR                               
0     0000d7f1  _ReleaseFlashPump                       
1     0005e608  _RomPrefetchRegs                        
1     0005f540  _RomWaitStateRegs                       
0     0000c7ac  _SCIA_RX_ISR                            
0     0000c7a2  _SCIA_TX_ISR                            
0     0000c798  _SCIB_RX_ISR                            
0     0000c78e  _SCIB_TX_ISR                            
0     0000c784  _SCIC_RX_ISR                            
0     0000c77a  _SCIC_TX_ISR                            
0     0000c770  _SCID_RX_ISR                            
0     0000c766  _SCID_TX_ISR                            
0     0000c75c  _SD1_ISR                                
0     0000c752  _SD2_ISR                                
0     0000c748  _SPIA_RX_ISR                            
0     0000c73e  _SPIA_TX_ISR                            
0     0000c734  _SPIB_RX_ISR                            
0     0000c72a  _SPIB_TX_ISR                            
0     0000c720  _SPIC_RX_ISR                            
0     0000c716  _SPIC_TX_ISR                            
0     0000c70c  _SYS_PLL_SLIP_ISR                       
1     00008404  _SciHandle                              
1     00008406  _SciObj                                 
1     00007200  _SciaRegs                               
1     00007210  _ScibRegs                               
1     00007220  _ScicRegs                               
1     00007230  _ScidRegs                               
1     00008000  _ScopeBuffer                            
1     00005e00  _Sdfm1Regs                              
1     00005e80  _Sdfm2Regs                              
0     0000d7e2  _SeizeFlashPump_Bank0                   
0     0000d7d3  _SeizeFlashPump_Bank1                   
0     0000d7c5  _ServiceDog                             
1     00006100  _SpiaRegs                               
1     00006110  _SpibRegs                               
1     00006120  _SpicRegs                               
1     00007940  _SyncSocRegs                            
0     0000f15f  _SysCtl_delay                           
0     0000c702  _TIMER0_ISR                             
0     0000c6f8  _TIMER1_ISR                             
0     0000c6ee  _TIMER2_ISR                             
1     000088ae  _TaskObj                                
0     0000c6e4  _UPPA_ISR                               
0     0000c6da  _USBA_ISR                               
0     0000c6d0  _USER10_ISR                             
0     0000c6c6  _USER11_ISR                             
0     0000c6bc  _USER12_ISR                             
0     0000c6b2  _USER1_ISR                              
0     0000c6a8  _USER2_ISR                              
0     0000c69e  _USER3_ISR                              
0     0000c694  _USER4_ISR                              
0     0000c68a  _USER5_ISR                              
0     0000c680  _USER6_ISR                              
0     0000c676  _USER7_ISR                              
0     0000c66c  _USER8_ISR                              
0     0000c662  _USER9_ISR                              
1     00006200  _UppRegs                                
0     0000c658  _VCU_ISR                                
0     0000c64e  _WAKE_ISR                               
1     00007000  _WdRegs                                 
0     0000c644  _XINT1_ISR                              
0     0000c63a  _XINT2_ISR                              
0     0000c630  _XINT3_ISR                              
0     0000c626  _XINT4_ISR                              
0     0000c61c  _XINT5_ISR                              
1     00007920  _XbarRegs                               
1     00007070  _XintRegs                               
1     00008c08  __STACK_END                             
abs   00000300  __STACK_SIZE                            
1     000088f8  ___TI_cleanup_ptr                       
1     000088fa  ___TI_dtors_ptr                         
1     000088f6  ___TI_enable_exit_profile_output        
abs   ffffffff  ___TI_pprof_out_hndl                    
abs   ffffffff  ___TI_prof_data_size                    
abs   ffffffff  ___TI_prof_data_start                   
abs   ffffffff  ___binit__                              
abs   ffffffff  ___c_args__                             
0     0000f10f  ___cinit__                              
0     0000ef27  ___etext__                              
abs   ffffffff  ___pinit__                              
0     0000c000  ___text__                               
0     0000eed9  __args_main                             
1     00008900  __lock                                  
0     0000ef14  __nop                                   
0     0000ef10  __register_lock                         
0     0000ef0c  __register_unlock                       
1     00008908  __stack                                 
0     0000ef26  __system_post_cinit                     
0     0000ef24  __system_pre_init                       
1     00008902  __unlock                                
0     0000ee6f  _abort                                  
0     0000ede2  _c_int00                                
0     0000ee98  _copy_in                                
0     0000ee71  _exit                                   
0     0000ed89  _floor                                  
0     0000ed89  _floorf                                 
0     0000eef2  _main                                   
0     0000eebc  _memcpy                                 
abs   ffffffff  binit                                   
0     0000f10f  cinit                                   
0     00000000  code_start                              
0     0000ef27  etext                                   
abs   ffffffff  pinit                                   


GLOBAL SYMBOLS: SORTED BY Symbol Address 

page  address   name                                    
----  -------   ----                                    
0     00000000  code_start                              
0     0000c000  .text                                   
0     0000c000  _PIL_PROBES_init                        
0     0000c000  ___text__                               
0     0000c02d  _PIL_PROBES_setActualPilMode            
0     0000c03a  _PIL_PROBES_setDesiredPilMode           
0     0000c043  _PIL_PROBES_setActualPilStep            
0     0000c04f  _PIL_PROBES_getActualPilMode            
0     0000c056  _PIL_PROBES_getDesiredPilMode           
0     0000c05d  _PIL_PROBES_getPreviousPilMode          
0     0000c064  _PIL_PROBES_getActualPilStep            
0     0000c06e  _PIL_PROBES_getDesiredPilStep           
0     0000c1a6  _PIL_PROBES_messageHandler              
0     0000c61c  _XINT5_ISR                              
0     0000c626  _XINT4_ISR                              
0     0000c630  _XINT3_ISR                              
0     0000c63a  _XINT2_ISR                              
0     0000c644  _XINT1_ISR                              
0     0000c64e  _WAKE_ISR                               
0     0000c658  _VCU_ISR                                
0     0000c662  _USER9_ISR                              
0     0000c66c  _USER8_ISR                              
0     0000c676  _USER7_ISR                              
0     0000c680  _USER6_ISR                              
0     0000c68a  _USER5_ISR                              
0     0000c694  _USER4_ISR                              
0     0000c69e  _USER3_ISR                              
0     0000c6a8  _USER2_ISR                              
0     0000c6b2  _USER1_ISR                              
0     0000c6bc  _USER12_ISR                             
0     0000c6c6  _USER11_ISR                             
0     0000c6d0  _USER10_ISR                             
0     0000c6da  _USBA_ISR                               
0     0000c6e4  _UPPA_ISR                               
0     0000c6ee  _TIMER2_ISR                             
0     0000c6f8  _TIMER1_ISR                             
0     0000c702  _TIMER0_ISR                             
0     0000c70c  _SYS_PLL_SLIP_ISR                       
0     0000c716  _SPIC_TX_ISR                            
0     0000c720  _SPIC_RX_ISR                            
0     0000c72a  _SPIB_TX_ISR                            
0     0000c734  _SPIB_RX_ISR                            
0     0000c73e  _SPIA_TX_ISR                            
0     0000c748  _SPIA_RX_ISR                            
0     0000c752  _SD2_ISR                                
0     0000c75c  _SD1_ISR                                
0     0000c766  _SCID_TX_ISR                            
0     0000c770  _SCID_RX_ISR                            
0     0000c77a  _SCIC_TX_ISR                            
0     0000c784  _SCIC_RX_ISR                            
0     0000c78e  _SCIB_TX_ISR                            
0     0000c798  _SCIB_RX_ISR                            
0     0000c7a2  _SCIA_TX_ISR                            
0     0000c7ac  _SCIA_RX_ISR                            
0     0000c7b6  _RTOS_ISR                               
0     0000c7c0  _RAM_CORRECTABLE_ERROR_ISR              
0     0000c7ca  _RAM_ACCESS_VIOLATION_ISR               
0     0000c7d4  _PIE_RESERVED_ISR                       
0     0000c7de  _NOTUSED_ISR                            
0     0000c7e8  _NMI_ISR                                
0     0000c7f2  _MCBSPB_TX_ISR                          
0     0000c7fc  _MCBSPB_RX_ISR                          
0     0000c806  _MCBSPA_TX_ISR                          
0     0000c810  _MCBSPA_RX_ISR                          
0     0000c81a  _IPC3_ISR                               
0     0000c824  _IPC2_ISR                               
0     0000c82e  _IPC1_ISR                               
0     0000c838  _IPC0_ISR                               
0     0000c842  _ILLEGAL_ISR                            
0     0000c84c  _I2CB_ISR                               
0     0000c856  _I2CB_FIFO_ISR                          
0     0000c860  _I2CA_ISR                               
0     0000c86a  _I2CA_FIFO_ISR                          
0     0000c874  _FPU_UNDERFLOW_ISR                      
0     0000c87e  _FPU_OVERFLOW_ISR                       
0     0000c888  _FLASH_CORRECTABLE_ERROR_ISR            
0     0000c892  _EQEP3_ISR                              
0     0000c89c  _EQEP2_ISR                              
0     0000c8a6  _EQEP1_ISR                              
0     0000c8b0  _EPWM9_TZ_ISR                           
0     0000c8ba  _EPWM9_ISR                              
0     0000c8c4  _EPWM8_TZ_ISR                           
0     0000c8ce  _EPWM8_ISR                              
0     0000c8d8  _EPWM7_TZ_ISR                           
0     0000c8e2  _EPWM7_ISR                              
0     0000c8ec  _EPWM6_TZ_ISR                           
0     0000c8f6  _EPWM6_ISR                              
0     0000c900  _EPWM5_TZ_ISR                           
0     0000c90a  _EPWM5_ISR                              
0     0000c914  _EPWM4_TZ_ISR                           
0     0000c91e  _EPWM4_ISR                              
0     0000c928  _EPWM3_TZ_ISR                           
0     0000c932  _EPWM3_ISR                              
0     0000c93c  _EPWM2_TZ_ISR                           
0     0000c946  _EPWM2_ISR                              
0     0000c950  _EPWM1_TZ_ISR                           
0     0000c95a  _EPWM1_ISR                              
0     0000c964  _EPWM12_TZ_ISR                          
0     0000c96e  _EPWM12_ISR                             
0     0000c978  _EPWM11_TZ_ISR                          
0     0000c982  _EPWM11_ISR                             
0     0000c98c  _EPWM10_TZ_ISR                          
0     0000c996  _EPWM10_ISR                             
0     0000c9a0  _EMU_ISR                                
0     0000c9aa  _EMPTY_ISR                              
0     0000c9b7  _EMIF_ERROR_ISR                         
0     0000c9c1  _ECAP6_ISR                              
0     0000c9cb  _ECAP5_ISR                              
0     0000c9d5  _ECAP4_ISR                              
[...]
0     0000c9fd  _DMA_CH6_ISR                            
0     0000ca07  _DMA_CH5_ISR                            
0     0000ca11  _DMA_CH4_ISR                            
0     0000ca1b  _DMA_CH3_ISR                            
0     0000ca25  _DMA_CH2_ISR                            
0     0000ca2f  _DMA_CH1_ISR                            
0     0000ca39  _DATALOG_ISR                            
0     0000ca43  _CLA_UNDERFLOW_ISR                      
0     0000ca4d  _CLA_OVERFLOW_ISR                       
0     0000ca57  _CLA1_8_ISR                             
0     0000ca61  _CLA1_7_ISR                             
0     0000ca6b  _CLA1_6_ISR                             
0     0000ca75  _CLA1_5_ISR                             
0     0000ca7f  _CLA1_4_ISR                             
0     0000ca89  _CLA1_3_ISR                             
0     0000ca93  _CLA1_2_ISR                             
0     0000ca9d  _CLA1_1_ISR                             
0     0000caa7  _CANB1_ISR                              
0     0000cab1  _CANB0_ISR                              
0     0000cabb  _CANA1_ISR                              
0     0000cac5  _CANA0_ISR                              
0     0000cacf  _AUX_PLL_SLIP_ISR                       
0     0000cad9  _ADCD_EVT_ISR                           
0     0000cae3  _ADCD4_ISR                              
0     0000caed  _ADCD3_ISR                              
0     0000caf7  _ADCD2_ISR                              
0     0000cb01  _ADCD1_ISR                              
0     0000cb0b  _ADCC_EVT_ISR                           
0     0000cb15  _ADCC4_ISR                              
0     0000cb1f  _ADCC3_ISR                              
0     0000cb29  _ADCC2_ISR                              
0     0000cb33  _ADCC1_ISR                              
0     0000cb3d  _ADCB_EVT_ISR                           
0     0000cb47  _ADCB4_ISR                              
0     0000cb51  _ADCB3_ISR                              
0     0000cb5b  _ADCB2_ISR                              
0     0000cb65  _ADCB1_ISR                              
0     0000cb6f  _ADCA_EVT_ISR                           
0     0000cb79  _ADCA4_ISR                              
0     0000cb83  _ADCA3_ISR                              
0     0000cb8d  _ADCA2_ISR                              
0     0000cb97  _ADCA1_ISR                              
0     0000cbc7  _PIL_SCOPE_init                         
0     0000cbe2  _PIL_SCOPE_setBuffer                    
0     0000ccaf  _PIL_SCOPE_sample_p                     
0     0000cd50  _PIL_SCOPE_trigger_p                    
0     0000ce4c  _PIL_SCOPE_messageHandler               
0     0000d075  _PIL_RA_serialIn                        
0     0000d085  _PIL_RA_serialOut                       
0     0000d094  _PIL_SCOPE_sample                       
0     0000d0a2  _PIL_SCOPE_trigger                      
0     0000d0b0  _PIL_setGuid                            
0     0000d0d5  _PIL_setChecksum                        
0     0000d11d  _PIL_setSerialComCallback               
0     0000d136  _PIL_configureParallelCom               
0     0000d150  _PIL_setNodeAddress                     
0     0000d160  _PIL_setCtrlCallback                    
0     0000d16e  _PIL_setBackgroundCommCallback          
0     0000d17c  _PIL_setAndConfigScopeBuffer            
0     0000d193  _PIL_allowPilSimulation                 
0     0000d1be  _PIL_inhibitPilSimulation               
0     0000d1e9  _PIL_requestNormalMode                  
0     0000d202  _PIL_requestReadyMode                   
0     0000d21b  _PIL_simulationActive                   
0     0000d232  _PIL_beginInterruptCall                 
0     0000d2ea  _PIL_backgroundCall                     
0     0000d38a  _PIL_setWriteInterlockHandler           
0     0000d3a6  _PIL_init                               
0     0000d46c  _Motorsteuerung_CAN_terminate           
0     0000d46d  _Motorsteuerung_CAN_step                
0     0000d6d5  _Motorsteuerung_CAN_initialize          
0     0000d7c5  _ServiceDog                             
0     0000d7d3  _SeizeFlashPump_Bank1                   
0     0000d7e2  _SeizeFlashPump_Bank0                   
0     0000d7f1  _ReleaseFlashPump                       
0     0000d7fb  _MemCopy                                
0     0000d805  _InitSysPll                             
0     0000d9dd  _InitFlashHz                            
0     0000da1f  _DisableDog                             
0     0000daae  _DevInit                                
0     0000daf2  _PIL_SLINK_init                         
0     0000db1a  _PIL_SLINK_in                           
0     0000db27  _PIL_SLINK_out                          
0     0000db62  _PIL_SLINK_outBufIsEmpty                
0     0000dcd9  _PIL_SLINK_send                         
0     0000dcf9  _PIL_SLINK_receive                      
0     0000de16  _CAN_transferMessage                    
0     0000de56  _CAN_setupMessageObject                 
0     0000df0b  _CAN_setBitTiming                       
0     0000df40  _CAN_setBitRate                         
0     0000df79  _CAN_sendMessage                        
0     0000dfc5  _CAN_readMessage                        
0     0000e00a  _CAN_readMessageWithID                  
0     0000e03e  _CAN_initModule                         
0     0000e055  _CAN_clearMessage                       
0     0000e06c  _CAN_clearInterruptStatus               
0     0000e087  _PIL_BSRVS_init                         
0     0000e09f  _PIL_BSRVS_setWriteInterlockHandler     
0     0000e10b  _PIL_BSRVS_messageHandler               
0     0000e328  _PIL_RA_init                            
0     0000e387  _PIL_RA_setGuid                         
0     0000e3a1  _PIL_RA_setChecksum                     
0     0000e3bb  _PIL_RA_setNodeAddress                  
0     0000e3c7  _PIL_RA_registerService                 
0     0000e3ef  _PIL_RA_serialIn_p                      
0     0000e3ff  _PIL_RA_serialOut_p                     
0     0000e40e  _PIL_RA_pollLinkRsp                     
0     0000e462  _PIL_RA_pollLinkReq                     
0     0000e4af  _Motorsteuerung_CAN_enableTasksInterrupt
0     0000e4ba  _Motorsteuerung_CAN_syncTimers          
0     0000e4bf  _Motorsteuerung_CAN_background          
0     0000e4fe  _PLXHAL_DIO_set                         
0     0000e51e  _PLXHAL_CAN_setBusOn                    
0     0000e52b  _PLXHAL_CAN_putMessage                  
0     0000e53a  _PLXHAL_CAN_getMessage                  
0     0000e54a  _PLXHAL_CAN_getIsErrorActive            
0     0000e555  _PLXHAL_CAN_getIsBusOn                  
0     0000e560  _Motorsteuerung_CAN_initHal             
0     0000e691  _PLX_CANBUS_sinit                       
0     0000e692  _PLX_CANBUS_setupMailbox                
0     0000e6c6  _PLX_CANBUS_setBusOn                    
0     0000e6d0  _PLX_CANBUS_readyForTx                  
0     0000e6ed  _PLX_CANBUS_putMessage                  
0     0000e726  _PLX_CANBUS_isErrorActive               
0     0000e731  _PLX_CANBUS_isBusOn                     
0     0000e73c  _PLX_CANBUS_init                        
0     0000e743  _PLX_CANBUS_getMessage                  
0     0000e767  _PLX_CANBUS_disableMailbox              
0     0000e76f  _PLX_CANBUS_configure                   
0     0000e81f  _PIL_PBRIDGE_init                       
0     0000e82b  _PIL_PBRIDGE_configure                  
0     0000e834  _PIL_PBRIDGE_setProtocol                
0     0000e97d  _PIL_PBRIDGE_poll                       
0     0000e992  _DISPR_reset                            
0     0000e9a4  _DISPR_background                       
0     0000ea0c  _DISPR_start                            
0     0000ea43  _DISPR_sinit                            
0     0000ea4e  _DISPR_setPowerupDelay                  
0     0000ea54  _DISPR_registerTask                     
0     0000ea9a  _DISPR_registerSyncCallback             
0     0000eaa0  _DISPR_registerIdleTask                 
0     0000eaa5  _DISPR_configure                        
0     0000eac7  _PLX_DIO_sinit                          
0     0000eaf0  _PLX_DIO_obtainDummyWrite               
0     0000eaf3  _PLX_DIO_obtainDummyRead                
0     0000eafb  _PLX_DIO_init                           
0     0000eb55  _PLX_DIO_configureOut                   
0     0000eb9a  _PLX_DIO_configureIn                    
0     0000ebfb  _PLX_SCI_setupPort                      
0     0000ec95  _PLX_SCI_init                           
0     0000ec9c  _PLX_SCI_configure                      
0     0000ec9f  FS$$DIV                                 
0     0000ed27  _PIL_RBUF_reset                         
0     0000ed32  _PIL_RBUF_isEmpty                       
0     0000ed40  _PIL_RBUF_push                          
0     0000ed69  _PIL_RBUF_pop                           
0     0000ed89  _floor                                  
0     0000ed89  _floorf                                 
0     0000ede2  _c_int00                                
0     0000ee38  _Motorsteuerung_CAN_baseTaskInterrupt   
0     0000ee6f  C$$EXIT                                 
0     0000ee6f  _abort                                  
0     0000ee71  _exit                                   
0     0000ee98  _copy_in                                
0     0000eebc  _memcpy                                 
0     0000eed9  __args_main                             
0     0000eef2  _main                                   
0     0000ef02  _ISR_ILLEGAL                            
0     0000ef0c  __register_unlock                       
0     0000ef10  __register_lock                         
0     0000ef14  __nop                                   
0     0000ef1d  _PIL_DisableInt                         
0     0000ef21  _PIL_RestoreInt                         
0     0000ef24  __system_pre_init                       
0     0000ef26  __system_post_cinit                     
0     0000ef27  ___etext__                              
0     0000ef27  etext                                   
0     0000ef92  _PIL_D_FrameworkVersion                 
0     0000ef93  _PIL_D_StationAddress                   
0     0000ef94  _PIL_D_BaudRate                         
0     0000ef96  _PIL_D_Guid                             
0     0000ef9e  _PIL_D_CompiledBy                       
0     0000efaa  _PIL_D_FirmwareDescription              
0     0000efba  _PIL_D_CompiledDate                     
0     0000efce  _Motorsteuerung_CAN_ExtModeSignals      
0     0000efe2  _PIL_SLINK_crc16Lookup                  
0     0000eff2  _PIL_C_ExtMode_targetFloat_Size         
0     0000eff4  _PIL_C_ExtMode_targetPointer_Size       
0     0000eff6  _PIL_C_ExtMode_sampleTime_Ptr           
0     0000eff8  _PIL_C_ExtMode_checksum_Ptr             
0     0000effa  _PIL_C_ExtMode_P_Ptr                    
0     0000effc  _PIL_C_ExtMode_P_Size                   
0     0000effe  _PIL_C_ExtMode_ExtModeSignals_Ptr       
0     0000f000  _PIL_C_ExtMode_ExtModeSignals_Size      
0     0000f002  _Motorsteuerung_CAN_sampleTime          
0     0000f004  _Motorsteuerung_CAN_checksum            
0     0000f00c  _DISPR_dispatch                         
0     0000f0b8  _InitFlash_Bank_Hz                      
0     0000f10f  ___cinit__                              
0     0000f10f  cinit                                   
0     0000f15b  _F28x_usDelay                           
0     0000f15f  _SysCtl_delay                           
1     00000b00  _AdcaResultRegs                         
1     00000b20  _AdcbResultRegs                         
1     00000b40  _AdccResultRegs                         
1     00000b60  _AdcdResultRegs                         
1     00000c00  _CpuTimer0Regs                          
1     00000c08  _CpuTimer1Regs                          
1     00000c10  _CpuTimer2Regs                          
1     00000ce0  _PieCtrlRegs                            
1     00000d00  _PieVectTable                           
1     00001000  _DmaRegs                                
1     00001400  _Cla1Regs                               
1     00003000  _Clb1LogicCfgRegs                       
1     00003100  _Clb1LogicCtrlRegs                      
1     00003200  _Clb1DataExchRegs                       
1     00003400  _Clb2LogicCfgRegs                       
1     00003500  _Clb2LogicCtrlRegs                      
1     00003600  _Clb2DataExchRegs                       
1     00003800  _Clb3LogicCfgRegs                       
1     00003900  _Clb3LogicCtrlRegs                      
1     00003a00  _Clb3DataExchRegs                       
1     00003c00  _Clb4LogicCfgRegs                       
1     00003d00  _Clb4LogicCtrlRegs                      
1     00003e00  _Clb4DataExchRegs                       
1     00004000  _EPwm1Regs                              
1     00004100  _EPwm2Regs                              
1     00004200  _EPwm3Regs                              
1     00004300  _EPwm4Regs                              
1     00004400  _EPwm5Regs                              
1     00004500  _EPwm6Regs                              
1     00004600  _EPwm7Regs                              
1     00004700  _EPwm8Regs                              
1     00004800  _EPwm9Regs                              
1     00004900  _EPwm10Regs                             
1     00004a00  _EPwm11Regs                             
1     00004b00  _EPwm12Regs                             
1     00005000  _ECap1Regs                              
1     00005020  _ECap2Regs                              
1     00005040  _ECap3Regs                              
1     00005060  _ECap4Regs                              
1     00005080  _ECap5Regs                              
1     000050a0  _ECap6Regs                              
1     00005100  _EQep1Regs                              
1     00005140  _EQep2Regs                              
1     00005180  _EQep3Regs                              
1     00005c00  _DacaRegs                               
1     00005c10  _DacbRegs                               
1     00005c20  _DaccRegs                               
1     00005c80  _Cmpss1Regs                             
1     00005ca0  _Cmpss2Regs                             
1     00005cc0  _Cmpss3Regs                             
1     00005ce0  _Cmpss4Regs                             
1     00005d00  _Cmpss5Regs                             
1     00005d20  _Cmpss6Regs                             
1     00005d40  _Cmpss7Regs                             
1     00005d60  _Cmpss8Regs                             
1     00005e00  _Sdfm1Regs                              
1     00005e80  _Sdfm2Regs                              
1     00006000  _McbspaRegs                             
1     00006040  _McbspbRegs                             
1     00006100  _SpiaRegs                               
1     00006110  _SpibRegs                               
1     00006120  _SpicRegs                               
1     00006200  _UppRegs                                
1     00007000  _WdRegs                                 
1     00007060  _NmiIntruptRegs                         
1     00007070  _XintRegs                               
1     00007200  _SciaRegs                               
1     00007210  _ScibRegs                               
1     00007220  _ScicRegs                               
1     00007230  _ScidRegs                               
1     00007300  _I2caRegs                               
1     00007340  _I2cbRegs                               
1     00007400  _AdcaRegs                               
1     00007480  _AdcbRegs                               
1     00007500  _AdccRegs                               
1     00007580  _AdcdRegs                               
1     00007900  _InputXbarRegs                          
1     00007920  _XbarRegs                               
1     00007940  _SyncSocRegs                            
1     00007980  _DmaClaSrcSelRegs                       
1     00007a00  _EPwmXbarRegs                           
1     00007a40  _ClbXbarRegs                            
1     00007a80  _OutputXbarRegs                         
1     00007c00  _GpioCtrlRegs                           
1     00007f00  _GpioDataRegs                           
1     00008000  _ScopeBuffer                            
1     000083fc  _CanHandles                             
1     000083fe  _CanObj                                 
1     00008402  _PilHandle                              
1     00008404  _SciHandle                              
1     00008406  _SciObj                                 
1     00008440  _PilObj                                 
1     00008808  _Motorsteuerung_CAN_errorStatus         
1     0000880a  _Motorsteuerung_CAN_X                   
1     00008810  _Motorsteuerung_CAN_P                   
1     00008840  _Motorsteuerung_CAN_B                   
1     0000887e  _DoutHandles                            
1     00008880  _DisprHandle                            
1     00008882  _DisprObj                               
1     000088ae  _TaskObj                                
1     000088c0  _PLX_PWR_SHandle                        
1     000088c2  _PLX_PWR_SObj                           
1     000088e6  _DoutObj                                
1     000088f6  ___TI_enable_exit_profile_output        
1     000088f8  ___TI_cleanup_ptr                       
1     000088fa  ___TI_dtors_ptr                         
1     00008900  __lock                                  
1     00008902  __unlock                                
1     00008908  __stack                                 
1     00008c08  __STACK_END                             
1     00047000  _Emif1Regs                              
1     00047800  _Emif2Regs                              
1     00048000  _CanaRegs                               
1     0004a000  _CanbRegs                               
1     00050024  _FlashPumpSemaphoreRegs                 
1     0005d000  _DevCfgRegs                             
1     0005d180  _AnalogSubsysRegs                       
1     0005d200  _ClkCfgRegs                             
1     0005d300  _CpuSysRegs                             
1     0005e608  _RomPrefetchRegs                        
1     0005f000  _DcsmZ1Regs                             
1     0005f040  _DcsmZ2Regs                             
1     0005f070  _DcsmCommonRegs                         
1     0005f400  _MemCfgRegs                             
1     0005f480  _Emif1ConfigRegs                        
1     0005f4a0  _Emif2ConfigRegs                        
1     0005f4c0  _AccessProtectionRegs                   
1     0005f500  _MemoryErrorRegs                        
1     0005f540  _RomWaitStateRegs                       
1     0005f800  _Flash0CtrlRegs                         
1     0005fb00  _Flash0EccRegs                          
1     0005fc00  _Flash1CtrlRegs                         
1     0005ff00  _Flash1EccRegs                          
abs   00000300  __STACK_SIZE                            
abs   ffffffff  ___TI_pprof_out_hndl                    
abs   ffffffff  ___TI_prof_data_size                    
abs   ffffffff  ___TI_prof_data_start                   
abs   ffffffff  ___binit__                              
abs   ffffffff  ___c_args__                             
abs   ffffffff  ___pinit__                              
abs   ffffffff  binit                                   
abs   ffffffff  pinit                                   

[456 symbols]
